app/(tabs)/home.tsx(172,15): error TS2322: Type '{ theme: AppTheme; title: string; onRightPress: () => void; rightLabel: string; }' is not assignable to type 'IntrinsicAttributes & SectionHeaderProps'.
  Property 'onRightPress' does not exist on type 'IntrinsicAttributes & SectionHeaderProps'.
app/(tabs)/home.tsx(194,15): error TS2322: Type '{ theme: AppTheme; title: string; onRightPress: () => void; rightLabel: string; }' is not assignable to type 'IntrinsicAttributes & SectionHeaderProps'.
  Property 'onRightPress' does not exist on type 'IntrinsicAttributes & SectionHeaderProps'.
components/themed-text.tsx(18,71): error TS2345: Argument of type '"text"' is not assignable to parameter of type 'keyof AppTheme'.
components/ui/collapsible.tsx(24,51): error TS2339: Property 'icon' does not exist on type 'AppTheme'.
components/ui/collapsible.tsx(24,70): error TS2339: Property 'icon' does not exist on type 'AppTheme'.
